Parse error at (line 2, column 11):
unexpected "]"
expecting term
