Parse error at (line 4, column 7):
unexpected "]"
expecting term
