Parse error at (line 1, column 11):
unexpected "v"
expecting ")"
