Parse error at (line 5, column 15):
unexpected '='
expecting operator
