Parse error at (line 5, column 16):
unexpected '!'
expecting operator
