GoatProgram [Procedure "main" [] [Decl (Ident "a") IntType,Decl (Ident "b") IntType] [IfThenElse (BinExpr Or (BinExpr And (BinExpr GreaterEqual (Id (Ident "a")) (IntConst 1)) (BinExpr LessEqual (Id (Ident "a")) (IntConst 3))) (BinExpr Greater (Id (Ident "a")) (IntConst 5))) [Assign (LId (Ident "a")) (IntConst 3)] [Assign (LId (Ident "a")) (IntConst 5)]]]
proc main ()
    int a;
    int b;
begin
    if ((a >= 1) && (a <= 3)) || (a > 5) then
        a := 3;
    else
        a := 5;
    fi
end
