Parse error at (line 5, column 4):
unexpected reserved word "end"
expecting statement
