Parse error at (line 13, column 36):
unexpected "="
expecting "," or ")"
