Parse error at (line 2, column 18):
unexpected extra dimension(s)
