Parse error at (line 2, column 10):
unexpected "@"
expecting letter or digit, "[" or ";"
