Parse error at (line 1, column 44):
unexpected ")"
expecting "val" or "ref"
