Parse error at (line 13, column 17):
unexpected "\""
expecting expression or ")"
