Parse error at (line 16, column 17):
unexpected "\""
expecting expression or ")"
