proc main ()
begin
    write "Hello, Harald!\n";
end
